[2026-07-12 09:23:08] === enhance · bastionkit · words=120000 loc>=10000 langs=9 push=True ===
[2026-07-12 09:23:14] phase DOCS — longform 120000-word corpus -> docs/corpus/
[2026-07-12 18:56:00] phase POLYGLOT — expanding to >= 10000 LOC across 9 languages
[2026-07-12 18:56:32]   facets: ['network_policy_analyzer', 'pod_security_scanner', 'rbac_audit_checker', 'quota_calculator', 'baseline_manifest_builder', 'compliance_reporter']
[2026-07-12 18:58:34]   +polyglot/python/network_policy_analyzer.py  (loc now ~4945)
[2026-07-12 19:00:27]   +polyglot/go/network_policy_analyzer.go  (loc now ~5411)
[2026-07-12 19:02:23]   +polyglot/rust/network_policy_analyzer.rs  (loc now ~5915)
[2026-07-12 19:04:37]   +polyglot/typescript/network_policy_analyzer.ts  (loc now ~6391)
[2026-07-12 19:06:30]   +polyglot/c/network_policy_analyzer.c  (loc now ~6853)
[2026-07-12 19:08:44]   +polyglot/cpp/network_policy_analyzer.cpp  (loc now ~7305)
[2026-07-12 19:10:38]   +polyglot/java/network_policy_analyzer.java  (loc now ~7798)
[2026-07-12 19:12:31]   +polyglot/ruby/network_policy_analyzer.rb  (loc now ~8231)
[2026-07-12 19:14:45]   +polyglot/csharp/network_policy_analyzer.cs  (loc now ~8685)
[2026-07-12 19:16:38]   +polyglot/python/pod_security_scanner.py  (loc now ~9069)
[2026-07-12 19:18:51]   +polyglot/go/pod_security_scanner.go  (loc now ~9497)
[2026-07-12 19:20:45]   +polyglot/rust/pod_security_scanner.rs  (loc now ~10019)
[2026-07-12 19:21:10] === done · bastionkit · loc=10019 · {'committed': True, 'pushed': False, 'push_err': "fatal: unable to access 'https://github.com/cognis-digital/bastionkit.git/': Failed to connect to github.com port 443 after 24111 ms: Timed out"} ===
[2026-07-12 19:22:14] === enhance · bastionkit · words=120000 loc>=10000 langs=9 push=True ===
[2026-07-12 19:22:30] === done · bastionkit · loc=10019 · {'committed': True, 'pushed': False, 'push_err': "fatal: unable to access 'https://github.com/cognis-digital/bastionkit.git/': Could not resolve host: github.com"} ===
[2026-07-12 19:23:34] === enhance · bastionkit · words=120000 loc>=10000 langs=9 push=True ===
[2026-07-12 19:24:26] === done · bastionkit · loc=10019 · {'committed': True, 'pushed': False, 'push_err': "fatal: unable to access 'https://github.com/cognis-digital/bastionkit.git/': Error in the HTTP2 framing layer"} ===
[2026-07-12 19:24:38] === enhance · bastionkit · words=120000 loc>=10000 langs=9 push=True ===
[2026-07-12 19:25:04] === done · bastionkit · loc=10019 · {'committed': True, 'pushed': False, 'push_err': "fatal: unable to access 'https://github.com/cognis-digital/bastionkit.git/': Failed to connect to github.com port 443 after 21113 ms: Timed out"} ===
[2026-07-12 19:25:16] === enhance · bastionkit · words=120000 loc>=10000 langs=9 push=True ===
[2026-07-12 19:25:32] === done · bastionkit · loc=10019 · {'committed': True, 'pushed': False, 'push_err': "fatal: unable to access 'https://github.com/cognis-digital/bastionkit.git/': Could not resolve host: github.com"} ===
[2026-07-12 19:26:01] === enhance · bastionkit · words=120000 loc>=10000 langs=9 push=True ===
[2026-07-12 19:26:34] === done · bastionkit · loc=10019 · {'committed': True, 'pushed': False, 'push_err': "fatal: unable to access 'https://github.com/cognis-digital/bastionkit.git/': Failed to connect to github.com port 443 after 28200 ms: Timed out"} ===
[2026-07-12 19:26:48] === enhance · bastionkit · words=120000 loc>=10000 langs=9 push=True ===
[2026-07-12 19:27:21] === done · bastionkit · loc=10019 · {'committed': True, 'pushed': False, 'push_err': "fatal: unable to access 'https://github.com/cognis-digital/bastionkit.git/': HTTP/2 stream 1 was not closed cleanly before end of the underlying stream"} ===
[2026-07-12 19:27:24] === enhance · bastionkit · words=120000 loc>=10000 langs=9 push=True ===
[2026-07-12 19:27:40] === done · bastionkit · loc=10019 · {'committed': True, 'pushed': False, 'push_err': "fatal: unable to access 'https://github.com/cognis-digital/bastionkit.git/': Could not resolve host: github.com"} ===
[2026-07-12 19:29:29] === enhance · bastionkit · words=120000 loc>=10000 langs=9 push=True ===
[2026-07-12 19:29:55] === done · bastionkit · loc=10019 · {'committed': True, 'pushed': False, 'push_err': "fatal: unable to access 'https://github.com/cognis-digital/bastionkit.git/': Failed to connect to github.com port 443 after 21097 ms: Timed out"} ===
[2026-07-12 19:30:17] === enhance · bastionkit · words=120000 loc>=10000 langs=9 push=True ===
[2026-07-12 19:30:43] === done · bastionkit · loc=10019 · {'committed': True, 'pushed': False, 'push_err': "fatal: unable to access 'https://github.com/cognis-digital/bastionkit.git/': Failed to connect to github.com port 443 after 21096 ms: Timed out"} ===
[2026-07-12 19:31:08] === enhance · bastionkit · words=120000 loc>=10000 langs=9 push=True ===
[2026-07-12 19:31:34] === done · bastionkit · loc=10019 · {'committed': True, 'pushed': False, 'push_err': "fatal: unable to access 'https://github.com/cognis-digital/bastionkit.git/': Failed to connect to github.com port 443 after 21091 ms: Timed out"} ===
[2026-07-12 19:31:46] === enhance · bastionkit · words=120000 loc>=10000 langs=9 push=True ===
[2026-07-12 19:32:19] === done · bastionkit · loc=10019 · {'committed': True, 'pushed': False, 'push_err': "fatal: unable to access 'https://github.com/cognis-digital/bastionkit.git/': Failed to connect to github.com port 443 after 28192 ms: Timed out"} ===
[2026-07-12 19:34:06] === enhance · bastionkit · words=120000 loc>=10000 langs=9 push=True ===
[2026-07-12 19:34:22] === done · bastionkit · loc=10019 · {'committed': True, 'pushed': False, 'push_err': "fatal: unable to access 'https://github.com/cognis-digital/bastionkit.git/': Could not resolve host: github.com"} ===
[2026-07-12 19:34:34] === enhance · bastionkit · words=120000 loc>=10000 langs=9 push=True ===
[2026-07-12 19:35:21] === done · bastionkit · loc=10019 · {'committed': True, 'pushed': False, 'push_err': "fatal: unable to access 'https://github.com/cognis-digital/bastionkit.git/': Error in the HTTP2 framing layer"} ===
[2026-07-12 19:35:43] === enhance · bastionkit · words=120000 loc>=10000 langs=9 push=True ===
[2026-07-12 19:36:12] === done · bastionkit · loc=10019 · {'committed': True, 'pushed': False, 'push_err': "fatal: unable to access 'https://github.com/cognis-digital/bastionkit.git/': Failed to connect to github.com port 443 after 24175 ms: Timed out"} ===
[2026-07-12 19:37:53] === enhance · bastionkit · words=120000 loc>=10000 langs=9 push=True ===
[2026-07-12 19:39:32] === done · bastionkit · loc=10019 · {'committed': True, 'pushed': False, 'push_err': "fatal: unable to access 'https://github.com/cognis-digital/bastionkit.git/': HTTP/2 stream 1 was not closed cleanly before end of the underlying stream"} ===
[2026-07-12 19:39:44] === enhance · bastionkit · words=120000 loc>=10000 langs=9 push=True ===
[2026-07-12 19:40:09] === done · bastionkit · loc=10019 · {'committed': True, 'pushed': False, 'push_err': "fatal: unable to access 'https://github.com/cognis-digital/bastionkit.git/': HTTP/2 stream 1 was not closed cleanly before end of the underlying stream"} ===
[2026-07-12 19:40:31] === enhance · bastionkit · words=120000 loc>=10000 langs=9 push=True ===
[2026-07-12 19:40:47] === done · bastionkit · loc=10019 · {'committed': True, 'pushed': False, 'push_err': "fatal: unable to access 'https://github.com/cognis-digital/bastionkit.git/': Could not resolve host: github.com"} ===
[2026-07-12 19:41:09] === enhance · bastionkit · words=120000 loc>=10000 langs=9 push=True ===
[2026-07-12 19:42:16] === done · bastionkit · loc=10019 · {'committed': True, 'pushed': False, 'push_err': "fatal: unable to access 'https://github.com/cognis-digital/bastionkit.git/': OpenSSL SSL_connect: Connection was reset in connection to github.com:443"} ===
[2026-07-12 19:42:28] === enhance · bastionkit · words=120000 loc>=10000 langs=9 push=True ===
